Flow report for minesweeper_submission_local_mu500
Mon Aug 17 20:31:30 2026
Quartus Prime Version 24.1std.0 Build 1077 03/04/2025 SC Lite Edition


---------------------
; Table of Contents ;
---------------------
  1. Legal Notice
  2. Flow Summary
  3. Flow Settings
  4. Flow Non-Default Global Settings
  5. Flow Elapsed Time
  6. Flow OS Summary
  7. Flow Log
  8. Flow Messages
  9. Flow Suppressed Messages



----------------
; Legal Notice ;
----------------
Copyright (C) 2025  Altera Corporation. All rights reserved.
Your use of Altera Corporation's design tools, logic functions 
and other software and tools, and any partner logic 
functions, and any output files from any of the foregoing 
(including device programming or simulation files), and any 
associated documentation or information are expressly subject 
to the terms and conditions of the Altera Program License 
Subscription Agreement, the Altera Quartus Prime License Agreement,
the Altera IP License Agreement, or other applicable license
agreement, including, without limitation, that your use is for
the sole purpose of programming logic devices manufactured by
Altera and sold by Altera or its authorized distributors.  Please
refer to the Altera Software License Subscription Agreements 
on the Quartus Prime software download page.



+--------------------------------------------------------------------------------------+
; Flow Summary                                                                         ;
+------------------------------------+-------------------------------------------------+
; Flow Status                        ; Successful - Mon Aug 17 20:31:22 2026           ;
; Quartus Prime Version              ; 24.1std.0 Build 1077 03/04/2025 SC Lite Edition ;
; Revision Name                      ; minesweeper_submission_local_mu500              ;
; Top-level Entity Name              ; minesweeper_jtag_submission_local_top           ;
; Family                             ; Cyclone IV E                                    ;
; Device                             ; EP4CE30F23I7                                    ;
; Timing Models                      ; Final                                           ;
; Total logic elements               ; 23,477 / 28,848 ( 81 % )                        ;
;     Total combinational functions  ; 22,192 / 28,848 ( 77 % )                        ;
;     Dedicated logic registers      ; 8,600 / 28,848 ( 30 % )                         ;
; Total registers                    ; 8600                                            ;
; Total pins                         ; 83 / 329 ( 25 % )                               ;
; Total virtual pins                 ; 0                                               ;
; Total memory bits                  ; 38,943 / 608,256 ( 6 % )                        ;
; Embedded Multiplier 9-bit elements ; 17 / 132 ( 13 % )                               ;
; Total PLLs                         ; 0 / 4 ( 0 % )                                   ;
+------------------------------------+-------------------------------------------------+


+--------------------------------------------------------+
; Flow Settings                                          ;
+-------------------+------------------------------------+
; Option            ; Setting                            ;
+-------------------+------------------------------------+
; Start date & time ; 08/17/2026 20:29:09                ;
; Main task         ; Compilation                        ;
; Revision Name     ; minesweeper_submission_local_mu500 ;
+-------------------+------------------------------------+


+-------------------------------------------------------------------------------------------------------------------------------------------------+
; Flow Non-Default Global Settings                                                                                                                ;
+-----------------------------------------+---------------------------------------+------------------------------------+-------------+------------+
; Assignment Name                         ; Value                                 ; Default Value                      ; Entity Name ; Section Id ;
+-----------------------------------------+---------------------------------------+------------------------------------+-------------+------------+
; ALM_REGISTER_PACKING_EFFORT             ; High                                  ; Medium                             ; --          ; --         ;
; COMPILER_SIGNATURE_ID                   ; 86171818337100.178696614815612        ; --                                 ; --          ; --         ;
; NUM_PARALLEL_PROCESSORS                 ; 4                                     ; --                                 ; --          ; --         ;
; OPTIMIZATION_MODE                       ; Aggressive Area                       ; Balanced                           ; --          ; --         ;
; PHYSICAL_SYNTHESIS_COMBO_LOGIC_FOR_AREA ; On                                    ; Off                                ; --          ; --         ;
; PROJECT_OUTPUT_DIRECTORY                ; output_submission_local_mu500         ; --                                 ; --          ; --         ;
; TOP_LEVEL_ENTITY                        ; minesweeper_jtag_submission_local_top ; minesweeper_submission_local_mu500 ; --          ; --         ;
+-----------------------------------------+---------------------------------------+------------------------------------+-------------+------------+


+--------------------------------------------------------------------------------------------------------------------------+
; Flow Elapsed Time                                                                                                        ;
+----------------------+--------------+-------------------------+---------------------+------------------------------------+
; Module Name          ; Elapsed Time ; Average Processors Used ; Peak Virtual Memory ; Total CPU Time (on all processors) ;
+----------------------+--------------+-------------------------+---------------------+------------------------------------+
; Analysis & Synthesis ; 00:01:21     ; 1.0                     ; 5403 MB             ; 00:01:33                           ;
; Fitter               ; 00:00:44     ; 1.1                     ; 6001 MB             ; 00:01:15                           ;
; Assembler            ; 00:00:02     ; 1.0                     ; 4878 MB             ; 00:00:02                           ;
; Timing Analyzer      ; 00:00:07     ; 2.1                     ; 5175 MB             ; 00:00:09                           ;
; Total                ; 00:02:14     ; --                      ; --                  ; 00:02:59                           ;
+----------------------+--------------+-------------------------+---------------------+------------------------------------+


+------------------------------------------------------------------------------------+
; Flow OS Summary                                                                    ;
+----------------------+------------------+------------+------------+----------------+
; Module Name          ; Machine Hostname ; OS Name    ; OS Version ; Processor type ;
+----------------------+------------------+------------+------------+----------------+
; Analysis & Synthesis ; Onabe            ; Windows 10 ; 10.0       ; x86_64         ;
; Fitter               ; Onabe            ; Windows 10 ; 10.0       ; x86_64         ;
; Assembler            ; Onabe            ; Windows 10 ; 10.0       ; x86_64         ;
; Timing Analyzer      ; Onabe            ; Windows 10 ; 10.0       ; x86_64         ;
+----------------------+------------------+------------+------------+----------------+


------------
; Flow Log ;
------------
quartus_map --read_settings_files=on --write_settings_files=off minesweeper_submission_local_mu500 -c minesweeper_submission_local_mu500
quartus_fit --read_settings_files=off --write_settings_files=off minesweeper_submission_local_mu500 -c minesweeper_submission_local_mu500
quartus_asm --read_settings_files=off --write_settings_files=off minesweeper_submission_local_mu500 -c minesweeper_submission_local_mu500
quartus_sta minesweeper_submission_local_mu500 -c minesweeper_submission_local_mu500



